Name:   clustertask-1
Annotations:
 tekton.dev/tags=testing
